---
source: src/solver/metamoves.rs
expression: "all_metamoves_2_moves.iter().map(|mm|\n            (mm.num_affected_pieces, mm.turns.clone())).collect::<Vec<_>>()"
---
[
    (
        4,
        [
            1,
            1,
        ],
    ),
    (
        4,
        [
            3,
            3,
        ],
    ),
    (
        4,
        [
            5,
            5,
        ],
    ),
    (
        6,
        [
            4,
            1,
        ],
    ),
    (
        6,
        [
            5,
            1,
        ],
    ),
    (
        6,
        [
            3,
            0,
        ],
    ),
    (
        6,
        [
            2,
            0,
        ],
    ),
    (
        6,
        [
            4,
            0,
        ],
    ),
    (
        6,
        [
            0,
            2,
        ],
    ),
    (
        6,
        [
            2,
            4,
        ],
    ),
    (
        6,
        [
            0,
            4,
        ],
    ),
    (
        6,
        [
            1,
            4,
        ],
    ),
    (
        6,
        [
            3,
            4,
        ],
    ),
    (
        6,
        [
            3,
            1,
        ],
    ),
    (
        6,
        [
            1,
            5,
        ],
    ),
    (
        6,
        [
            5,
            3,
        ],
    ),
    (
        6,
        [
            1,
            3,
        ],
    ),
    (
        6,
        [
            0,
            3,
        ],
    ),
    (
        6,
        [
            4,
            3,
        ],
    ),
    (
        6,
        [
            3,
            5,
        ],
    ),
    (
        6,
        [
            2,
            5,
        ],
    ),
    (
        6,
        [
            1,
            2,
        ],
    ),
    (
        6,
        [
            5,
            0,
        ],
    ),
    (
        6,
        [
            4,
            2,
        ],
    ),
    (
        6,
        [
            5,
            2,
        ],
    ),
    (
        6,
        [
            0,
            5,
        ],
    ),
    (
        6,
        [
            2,
            1,
        ],
    ),
]
